13:53:00 **** Incremental Build of configuration Debug for project Buzzer ****
make -j16 all 
arm-none-eabi-gcc "../Core/Src/main.c" -mcpu=cortex-m4 -std=gnu11 -g3 -DDEBUG -DUSE_HAL_DRIVER -DSTM32F411xE -c -I../Core/Inc -I../Drivers/STM32F4xx_HAL_Driver/Inc -I../Drivers/STM32F4xx_HAL_Driver/Inc/Legacy -I../Drivers/CMSIS/Device/ST/STM32F4xx/Include -I../Drivers/CMSIS/Include -O0 -ffunction-sections -fdata-sections -Wall -fstack-usage -fcyclomatic-complexity -MMD -MP -MF"Core/Src/main.d" -MT"Core/Src/main.o" --specs=nano.specs -mfpu=fpv4-sp-d16 -mfloat-abi=hard -mthumb -o "Core/Src/main.o"
arm-none-eabi-gcc -o "Buzzer.elf" @"objects.list"   -mcpu=cortex-m4 -T"D:\arm\Buzzer\STM32F411RETX_FLASH.ld" --specs=nosys.specs -Wl,-Map="Buzzer.map" -Wl,--gc-sections -static --specs=nano.specs -mfpu=fpv4-sp-d16 -mfloat-abi=hard -mthumb -Wl,--start-group -lc -lm -Wl,--end-group
Finished building target: Buzzer.elf
 
arm-none-eabi-size   Buzzer.elf 
arm-none-eabi-objdump -h -S  Buzzer.elf  > "Buzzer.list"
   text	   data	    bss	    dec	    hex	filename
  11148	    916	   1644	  13708	   358c	Buzzer.elf
Finished building: default.size.stdout
 
Finished building: Buzzer.list
 

13:53:01 Build Finished. 0 errors, 0 warnings. (took 791ms)

