11:42:39 **** Incremental Build of configuration Debug for project HC_SR04_CH2 ****
make -j16 all 
arm-none-eabi-gcc "../Core/Src/main.c" -mcpu=cortex-m4 -std=gnu11 -g3 -DDEBUG -DUSE_HAL_DRIVER -DSTM32F411xE -c -I../Core/Inc -I../Drivers/STM32F4xx_HAL_Driver/Inc -I../Drivers/STM32F4xx_HAL_Driver/Inc/Legacy -I../Drivers/CMSIS/Device/ST/STM32F4xx/Include -I../Drivers/CMSIS/Include -O0 -ffunction-sections -fdata-sections -Wall -fstack-usage -fcyclomatic-complexity -MMD -MP -MF"Core/Src/main.d" -MT"Core/Src/main.o" --specs=nano.specs -mfpu=fpv4-sp-d16 -mfloat-abi=hard -mthumb -o "Core/Src/main.o"
../Core/Src/main.c: In function 'HCSR04_Read':
../Core/Src/main.c:106:3: warning: implicit declaration of function 'delay_us' [-Wimplicit-function-declaration]
  106 |   delay_us(10);
      |   ^~~~~~~~
../Core/Src/main.c: In function 'main':
../Core/Src/main.c:162:5: warning: implicit declaration of function 'printf' [-Wimplicit-function-declaration]
  162 |     printf("%d cm\r\n",distance);
      |     ^~~~~~
../Core/Src/main.c:24:1: note: include '<stdio.h>' or provide a declaration of 'printf'
   23 | #include "gpio.h"
  +++ |+#include <stdio.h>
   24 | 
../Core/Src/main.c:162:5: warning: incompatible implicit declaration of built-in function 'printf' [-Wbuiltin-declaration-mismatch]
  162 |     printf("%d cm\r\n",distance);
      |     ^~~~~~
../Core/Src/main.c:162:5: note: include '<stdio.h>' or provide a declaration of 'printf'
arm-none-eabi-gcc -o "HC_SR04_CH2.elf" @"objects.list"   -mcpu=cortex-m4 -T"D:\arm\HC_SR04_CH2\STM32F411RETX_FLASH.ld" --specs=nosys.specs -Wl,-Map="HC_SR04_CH2.map" -Wl,--gc-sections -static --specs=nano.specs -mfpu=fpv4-sp-d16 -mfloat-abi=hard -mthumb -Wl,--start-group -lc -lm -Wl,--end-group
Finished building target: HC_SR04_CH2.elf
 
arm-none-eabi-size   HC_SR04_CH2.elf 
arm-none-eabi-objdump -h -S  HC_SR04_CH2.elf  > "HC_SR04_CH2.list"
   text	   data	    bss	    dec	    hex	filename
  19560	    112	   2064	  21736	   54e8	HC_SR04_CH2.elf
Finished building: default.size.stdout
 
Finished building: HC_SR04_CH2.list
 

11:42:39 Build Finished. 0 errors, 3 warnings. (took 785ms)

