15:49:39 **** Incremental Build of configuration Debug for project LED_interrupt ****
make -j16 all 
arm-none-eabi-gcc "../Core/Src/main.c" -mcpu=cortex-m4 -std=gnu11 -g3 -DDEBUG -DUSE_HAL_DRIVER -DSTM32F411xE -c -I../Core/Inc -I../Drivers/STM32F4xx_HAL_Driver/Inc -I../Drivers/STM32F4xx_HAL_Driver/Inc/Legacy -I../Drivers/CMSIS/Device/ST/STM32F4xx/Include -I../Drivers/CMSIS/Include -O0 -ffunction-sections -fdata-sections -Wall -fstack-usage -fcyclomatic-complexity -MMD -MP -MF"Core/Src/main.d" -MT"Core/Src/main.o" --specs=nano.specs -mfpu=fpv4-sp-d16 -mfloat-abi=hard -mthumb -o "Core/Src/main.o"
arm-none-eabi-gcc -o "LED_interrupt.elf" @"objects.list"   -mcpu=cortex-m4 -T"D:\arm\LED_interrupt\STM32F411RETX_FLASH.ld" --specs=nosys.specs -Wl,-Map="LED_interrupt.map" -Wl,--gc-sections -static --specs=nano.specs -mfpu=fpv4-sp-d16 -mfloat-abi=hard -mthumb -Wl,--start-group -lc -lm -Wl,--end-group
Finished building target: LED_interrupt.elf
 
arm-none-eabi-size   LED_interrupt.elf 
arm-none-eabi-objdump -h -S  LED_interrupt.elf  > "LED_interrupt.list"
   text	   data	    bss	    dec	    hex	filename
   6644	     68	   1572	   8284	   205c	LED_interrupt.elf
Finished building: default.size.stdout
 
Finished building: LED_interrupt.list
 

15:49:40 Build Finished. 0 errors, 0 warnings. (took 688ms)

