14:02:04 **** Incremental Build of configuration Debug for project PWM ****
make -j16 all 
arm-none-eabi-gcc "../Core/Src/main.c" -mcpu=cortex-m4 -std=gnu11 -g3 -DDEBUG -DUSE_HAL_DRIVER -DSTM32F411xE -c -I../Core/Inc -I../Drivers/STM32F4xx_HAL_Driver/Inc -I../Drivers/STM32F4xx_HAL_Driver/Inc/Legacy -I../Drivers/CMSIS/Device/ST/STM32F4xx/Include -I../Drivers/CMSIS/Include -O0 -ffunction-sections -fdata-sections -Wall -fstack-usage -fcyclomatic-complexity -MMD -MP -MF"Core/Src/main.d" -MT"Core/Src/main.o" --specs=nano.specs -mfpu=fpv4-sp-d16 -mfloat-abi=hard -mthumb -o "Core/Src/main.o"
../Core/Src/main.c: In function 'main':
../Core/Src/main.c:68:12: warning: unused variable 'count' [-Wunused-variable]
   68 |   uint16_t count=0;
      |            ^~~~~
arm-none-eabi-gcc -o "PWM.elf" @"objects.list"   -mcpu=cortex-m4 -T"D:\arm\PWM\STM32F411RETX_FLASH.ld" --specs=nosys.specs -Wl,-Map="PWM.map" -Wl,--gc-sections -static --specs=nano.specs -mfpu=fpv4-sp-d16 -mfloat-abi=hard -mthumb -Wl,--start-group -lc -lm -Wl,--end-group
Finished building target: PWM.elf
 
arm-none-eabi-size   PWM.elf 
arm-none-eabi-objdump -h -S  PWM.elf  > "PWM.list"
   text	   data	    bss	    dec	    hex	filename
   9368	     20	   1644	  11032	   2b18	PWM.elf
Finished building: default.size.stdout
 
Finished building: PWM.list
 

14:02:04 Build Finished. 0 errors, 1 warnings. (took 438ms)

