17:32:07 **** Incremental Build of configuration Debug for project RTC ****
make -j16 all 
arm-none-eabi-gcc "../Core/Src/main.c" -mcpu=cortex-m4 -std=gnu11 -g3 -DDEBUG -DUSE_HAL_DRIVER -DSTM32F411xE -c -I../Core/Inc -I../Drivers/STM32F4xx_HAL_Driver/Inc -I../Drivers/STM32F4xx_HAL_Driver/Inc/Legacy -I../Drivers/CMSIS/Device/ST/STM32F4xx/Include -I../Drivers/CMSIS/Include -O0 -ffunction-sections -fdata-sections -Wall -fstack-usage -fcyclomatic-complexity -MMD -MP -MF"Core/Src/main.d" -MT"Core/Src/main.o" --specs=nano.specs -mfpu=fpv4-sp-d16 -mfloat-abi=hard -mthumb -o "Core/Src/main.o"
arm-none-eabi-gcc -o "RTC.elf" @"objects.list"   -mcpu=cortex-m4 -T"D:\arm\RTC\STM32F411RETX_FLASH.ld" --specs=nosys.specs -Wl,-Map="RTC.map" -Wl,--gc-sections -static --specs=nano.specs -mfpu=fpv4-sp-d16 -mfloat-abi=hard -mthumb -Wl,--start-group -lc -lm -Wl,--end-group
Finished building target: RTC.elf
 
arm-none-eabi-size   RTC.elf 
arm-none-eabi-objdump -h -S  RTC.elf  > "RTC.list"
   text	   data	    bss	    dec	    hex	filename
  16420	    108	   2164	  18692	   4904	RTC.elf
Finished building: default.size.stdout
 
Finished building: RTC.list
 

17:32:07 Build Finished. 0 errors, 0 warnings. (took 633ms)

