11:37:30 **** Incremental Build of configuration Debug for project Timer_delay_func ****
make -j16 all 
arm-none-eabi-gcc "../Core/Src/tim.c" -mcpu=cortex-m4 -std=gnu11 -g3 -DDEBUG -DUSE_HAL_DRIVER -DSTM32F411xE -c -I../Core/Inc -I../Drivers/STM32F4xx_HAL_Driver/Inc -I../Drivers/STM32F4xx_HAL_Driver/Inc/Legacy -I../Drivers/CMSIS/Device/ST/STM32F4xx/Include -I../Drivers/CMSIS/Include -O0 -ffunction-sections -fdata-sections -Wall -fstack-usage -fcyclomatic-complexity -MMD -MP -MF"Core/Src/tim.d" -MT"Core/Src/tim.o" --specs=nano.specs -mfpu=fpv4-sp-d16 -mfloat-abi=hard -mthumb -o "Core/Src/tim.o"
arm-none-eabi-gcc -o "Timer_delay_func.elf" @"objects.list"   -mcpu=cortex-m4 -T"D:\arm\Timer_delay_func\STM32F411RETX_FLASH.ld" --specs=nosys.specs -Wl,-Map="Timer_delay_func.map" -Wl,--gc-sections -static --specs=nano.specs -mfpu=fpv4-sp-d16 -mfloat-abi=hard -mthumb -Wl,--start-group -lc -lm -Wl,--end-group
Finished building target: Timer_delay_func.elf
 
arm-none-eabi-size   Timer_delay_func.elf 
arm-none-eabi-objdump -h -S  Timer_delay_func.elf  > "Timer_delay_func.list"
   text	   data	    bss	    dec	    hex	filename
   6668	     20	   1644	   8332	   208c	Timer_delay_func.elf
Finished building: default.size.stdout
 
Finished building: Timer_delay_func.list
 

11:37:31 Build Finished. 0 errors, 0 warnings. (took 643ms)

