15:30:33 **** Incremental Build of configuration Debug for project USART_a_b_led ****
make -j16 all 
arm-none-eabi-gcc "../Core/Src/main.c" -mcpu=cortex-m4 -std=gnu11 -g3 -DDEBUG -DUSE_HAL_DRIVER -DSTM32F411xE -c -I../Core/Inc -I../Drivers/STM32F4xx_HAL_Driver/Inc -I../Drivers/STM32F4xx_HAL_Driver/Inc/Legacy -I../Drivers/CMSIS/Device/ST/STM32F4xx/Include -I../Drivers/CMSIS/Include -O0 -ffunction-sections -fdata-sections -Wall -fstack-usage -fcyclomatic-complexity -MMD -MP -MF"Core/Src/main.d" -MT"Core/Src/main.o" --specs=nano.specs -mfpu=fpv4-sp-d16 -mfloat-abi=hard -mthumb -o "Core/Src/main.o"
arm-none-eabi-gcc -o "USART_a_b_led.elf" @"objects.list"   -mcpu=cortex-m4 -T"D:\arm\USART_a_b_led\STM32F411RETX_FLASH.ld" --specs=nosys.specs -Wl,-Map="USART_a_b_led.map" -Wl,--gc-sections -static --specs=nano.specs -mfpu=fpv4-sp-d16 -mfloat-abi=hard -mthumb -Wl,--start-group -lc -lm -Wl,--end-group
Finished building target: USART_a_b_led.elf
 
arm-none-eabi-size   USART_a_b_led.elf 
arm-none-eabi-objdump -h -S  USART_a_b_led.elf  > "USART_a_b_led.list"
   text	   data	    bss	    dec	    hex	filename
  11084	     20	   1724	  12828	   321c	USART_a_b_led.elf
Finished building: default.size.stdout
 
Finished building: USART_a_b_led.list
 

15:30:33 Build Finished. 0 errors, 0 warnings. (took 437ms)

